[1mSession   [22m [1mProject                       [22m [1mBranch                        [22m [1m Msgs[22m  [1mDate[22m
[2m-----------------------------------------------------------------------------------------------[22m
22222222   /work/api                      feature/login                      3  2026-04-02[2m Fix the login bug where the session cookie expires early[22m
11111111   /work/app                      main                               4  2026-03-01[2m How do I configure the terraform module for staging?[22m
[2m
2 sessions listed.[22m
