[1mArchive Statistics[22m
  Total sessions:  2
  Total messages:  7
  Database size:   <size>

[1mBy Project:[22m
  /work/api                                     1 sessions       3 messages
  /work/app                                     1 sessions       4 messages

[1mBy Month:[22m
  [2m2026-04[22m     1 sessions       3 messages
  [2m2026-03[22m     1 sessions       4 messages
